.\gradlew : WARNING: A restricted method in java.lang.System has been called
At line:1 char:23
+ cd D:\IDEA\Servantry; .\gradlew compileJava 2>&1 | Out-File -FilePath ...
+                       ~~~~~~~~~~~~~~~~~~~~~~~~~~
    + CategoryInfo          : NotSpecified: (WARNING: A rest...has been called:String) [], RemoteException
    + FullyQualifiedErrorId : NativeCommandError
 
WARNING: java.lang.System::load has been called by net.rubygrapefruit.platform.internal.NativeLibraryLoader in an unnam
ed module (file:/C:/Users/l1518/.gradle/wrapper/dists/gradle-8.8-bin/dl7vupf4psengwqhwktix4v1/gradle-8.8/lib/native-pla
tform-0.22-milestone-26.jar)
WARNING: Use --enable-native-access=ALL-UNNAMED to avoid a warning for callers in this module
WARNING: Restricted methods will be blocked in a future release unless native access is enabled

Reusing configuration cache.
> Task :createMinecraftArtifacts UP-TO-DATE

> Task :compileJava FAILED
D:\IDEA\Servantry\src\main\java\first\servantry\common\servant\goal\eyeofeternalnight\EyeOfEternalNightOrbitGoal.java:5
: ����: �Ҳ�������
import first.servantry.api.servant.ServantGoal;
                                  ^
  ����:   �� ServantGoal
  λ��: ����� first.servantry.api.servant
D:\IDEA\Servantry\src\main\java\first\servantry\common\servant\goal\eyeofeternalnight\EyeOfEternalNightOrbitGoal.java:2
0: ����: �Ҳ�������
public class EyeOfEternalNightOrbitGoal extends ServantGoal<EyeOfEternalNight> {
                                                ^
  ����: �� ServantGoal
D:\IDEA\Servantry\src\main\java\first\servantry\client\attachmentEntityRenderer\servant\EyeOfEternalNightRenderer.java:
34: ����: �Ҳ�������
        ModelRenderer.renderModel(ModelRegister.EyeOfEternalNight, poseStack, bufferSource);
                                               ^
  ����:   ���� EyeOfEternalNight
  λ��: �� ModelRegister
D:\IDEA\Servantry\src\main\java\first\servantry\client\attachmentEntityRenderer\servant\EyeOfEternalNightRenderer.java:
55: ����: �Ҳ�������
            ModelRenderer.renderModel(ModelRegister.EyeOfEternalNightLaser, poseStack, bufferSource);
                                                   ^
  ����:   ���� EyeOfEternalNightLaser
  λ��: �� ModelRegister
D:\IDEA\Servantry\src\main\java\first\servantry\common\servant\EyeOfEternalNight.java:35: ����: �����ݵ�����: EyeOfEtern
alNightOrbitGoal�޷�ת��ΪServantGoal<?>
        goalSelector.addGoal(0, new EyeOfEternalNightOrbitGoal(this));
                                ^
D:\IDEA\Servantry\src\main\java\first\servantry\common\servant\goal\eyeofeternalnight\EyeOfEternalNightOrbitGoal.java:3
0: ����: �������Ḳ�ǻ�ʵ�ֳ����͵ķ���
    @Override
    ^
D:\IDEA\Servantry\src\main\java\first\servantry\common\servant\goal\eyeofeternalnight\EyeOfEternalNightOrbitGoal.java:3
5: ����: �������Ḳ�ǻ�ʵ�ֳ����͵ķ���
    @Override
    ^
D:\IDEA\Servantry\src\main\java\first\servantry\common\servant\goal\eyeofeternalnight\EyeOfEternalNightOrbitGoal.java:4
0: ����: �������Ḳ�ǻ�ʵ�ֳ����͵ķ���
    @Override
    ^
D:\IDEA\Servantry\src\main\java\first\servantry\common\servant\goal\eyeofeternalnight\EyeOfEternalNightOrbitGoal.java:4
3: ����: �Ҳ�������
        PathNode idleState = servant.getInterpolatedIdleState(1.0f);
                             ^
  ����:   ���� servant
  λ��: �� EyeOfEternalNightOrbitGoal
D:\IDEA\Servantry\src\main\java\first\servantry\common\servant\goal\eyeofeternalnight\EyeOfEternalNightOrbitGoal.java:4
4: ����: �Ҳ�������
        PathNode current = servant.getCurrentPathNode();
                           ^
  ����:   ���� servant
  λ��: �� EyeOfEternalNightOrbitGoal
D:\IDEA\Servantry\src\main\java\first\servantry\common\servant\goal\eyeofeternalnight\EyeOfEternalNightOrbitGoal.java:5
4: ����: �����ݵ�����: ��doubleת����float���ܻ�����ʧ
            nextNode = clampedNode.lerp(idleState, ELASTICITY);
                                                   ^
D:\IDEA\Servantry\src\main\java\first\servantry\common\servant\goal\eyeofeternalnight\EyeOfEternalNightOrbitGoal.java:5
6: ����: �����ݵ�����: ��doubleת����float���ܻ�����ʧ
            nextNode = current.lerp(idleState, ELASTICITY);
                                               ^
D:\IDEA\Servantry\src\main\java\first\servantry\common\servant\goal\eyeofeternalnight\EyeOfEternalNightOrbitGoal.java:5
8: ����: �Ҳ�������
        servant.setPath(Collections.singletonList(nextNode));
        ^
  ����:   ���� servant
  λ��: �� EyeOfEternalNightOrbitGoal
D:\IDEA\Servantry\src\main\java\first\servantry\common\servant\goal\eyeofeternalnight\EyeOfEternalNightOrbitGoal.java:6
1: ����: �Ҳ�������
        LivingEntity primaryTarget = servant.getTarget();
                                     ^
  ����:   ���� servant
  λ��: �� EyeOfEternalNightOrbitGoal
D:\IDEA\Servantry\src\main\java\first\servantry\common\servant\goal\eyeofeternalnight\EyeOfEternalNightOrbitGoal.java:6
2: ����: �Ҳ�������
        if (primaryTarget != null && servant.getDamageCooldown() <= 0) {
                                     ^
  ����:   ���� servant
  λ��: �� EyeOfEternalNightOrbitGoal
D:\IDEA\Servantry\src\main\java\first\servantry\common\servant\goal\eyeofeternalnight\EyeOfEternalNightOrbitGoal.java:6
4: ����: �Ҳ�������
            servant.setDamageCooldown(DAMAGE_INTERVAL);
            ^
  ����:   ���� servant
  λ��: �� EyeOfEternalNightOrbitGoal
D:\IDEA\Servantry\src\main\java\first\servantry\common\servant\goal\eyeofeternalnight\EyeOfEternalNightOrbitGoal.java:7
2: ����: �Ҳ�������
        Vec3 start = servant.getPos();
                     ^
  ����:   ���� servant
  λ��: �� EyeOfEternalNightOrbitGoal
D:\IDEA\Servantry\src\main\java\first\servantry\common\servant\goal\eyeofeternalnight\EyeOfEternalNightOrbitGoal.java:7
9: ����: �Ҳ�������
        List<LivingEntity> candidates = servant.getOwner().level().getEntitiesOfClass(
                                        ^
  ����:   ���� servant
  λ��: �� EyeOfEternalNightOrbitGoal
D:\IDEA\Servantry\src\main\java\first\servantry\common\servant\goal\eyeofeternalnight\EyeOfEternalNightOrbitGoal.java:8
8: ����: �Ҳ�������
            if (damaged.contains(candidate) || !servant.isTarget(candidate)) continue;
                                                ^
  ����:   ���� servant
  λ��: �� EyeOfEternalNightOrbitGoal
D:\IDEA\Servantry\src\main\java\first\servantry\common\servant\goal\eyeofeternalnight\EyeOfEternalNightOrbitGoal.java:9
1: ����: �Ҳ�������
                InvincibleData.criteriaAttack(candidate, servant.getUuid(), DAMAGE_INTERVAL, servant.getDamageSource(),
 servant.getDamage(), InvincibleData.Type.PARTIAL);
                                                         ^
  ����:   ���� servant
  λ��: �� EyeOfEternalNightOrbitGoal
D:\IDEA\Servantry\src\main\java\first\servantry\common\servant\goal\eyeofeternalnight\EyeOfEternalNightOrbitGoal.java:9
1: ����: �Ҳ�������
                InvincibleData.criteriaAttack(candidate, servant.getUuid(), DAMAGE_INTERVAL, servant.getDamageSource(),
 servant.getDamage(), InvincibleData.Type.PARTIAL);
                                                                                             ^
  ����:   ���� servant
  λ��: �� EyeOfEternalNightOrbitGoal
D:\IDEA\Servantry\src\main\java\first\servantry\common\servant\goal\eyeofeternalnight\EyeOfEternalNightOrbitGoal.java:9
1: ����: �Ҳ�������
                InvincibleData.criteriaAttack(candidate, servant.getUuid(), DAMAGE_INTERVAL, servant.getDamageSource(),
 servant.getDamage(), InvincibleData.Type.PARTIAL);
                                                                                                                       
 ^
  ����:   ���� servant
  λ��: �� EyeOfEternalNightOrbitGoal
ע: ĳЩ��Ϣ�Ѿ�����; ��ʹ�� -Xdiags:verbose ���±����Ի���������
22 ������

FAILURE: Build failed with an exception.

* What went wrong:
Execution failed for task ':compileJava'.
> Compilation failed; see the compiler error output for details.

* Try:
> Run with --info option to get more log output.
> Run with --scan to get full insights.

BUILD FAILED in 1s
2 actionable tasks: 1 executed, 1 up-to-date
Configuration cache entry reused.
